../Core/Src/main.c:102:5:main	8	static
../Core/Src/main.c:162:6:SystemClock_Config	88	static
../Core/Src/main.c:220:13:MX_DAC_Init	16	static
../Core/Src/main.c:260:13:MX_ETH_Init	8	static
../Core/Src/main.c:309:13:MX_TIM4_Init	40	static
../Core/Src/main.c:354:13:MX_USART3_UART_Init	8	static
../Core/Src/main.c:389:13:MX_USB_OTG_FS_PCD_Init	8	static
../Core/Src/main.c:422:13:MX_DMA_Init	16	static
../Core/Src/main.c:440:13:MX_GPIO_Init	56	static
../Core/Src/main.c:491:6:PlayWav	8	static
../Core/Src/main.c:504:6:Error_Handler	4	static,ignoring_inline_asm
